Microchip MPLAB XC8 Compiler V2.40

Linker command line:

-W-3 \
  --edf=C:\Program Files\Microchip\xc8\v2.40\pic\dat\20220703182018_en.msgs \
  -cn -h+dist/default/production\LIF0620V1.6.X.production.sym \
  --cmf=dist/default/production\LIF0620V1.6.X.production.cmf -z -Q18F25K22 \
  -oC:\Users\termo\AppData\Local\Temp\xcAs6ro.4 --defsym=__MPLAB_BUILD=1 \
  --fixupoverflow=error \
  -Mdist/default/production/LIF0620V1.6.X.production.map \
  --md=C:\Users\termo\AppData\Local\Temp\xcAs6ro.dat -E1 -ver=XC8 Compiler \
  --acfsm=1493 -ACODE=00h-07FFFh -ACONST=00h-07FFFh \
  -ASMALLCONST=0600h-06FFhx122 -AMEDIUMCONST=0600h-07FFFh -ACOMRAM=01h-05Fh \
  -AABS1=00h-05FFh -ABIGRAM=01h-05FFh -ARAM=060h-0FFh,0100h-01FFhx5 \
  -ABANK0=060h-0FFh -ABANK1=0100h-01FFh -ABANK2=0200h-02FFh \
  -ABANK3=0300h-03FFh -ABANK4=0400h-04FFh -ABANK5=0500h-05FFh \
  -ASFR=0F38h-0F5Fh,0F60h-0FFFh -ABIGSFR=0F38h-0FFFh \
  -ACONFIG=0300000h-030000Dh -AIDLOC=0200000h-0200007h \
  -AEEDATA=0F00000h-0F000FFh -peeprom_data=EEDATA \
  -preset_vec=00h,intcode=08h,intcodelo=018h,powerup,init -pramtop=0600h \
  -psmallconst=SMALLCONST -pmediumconst=MEDIUMCONST -pconst=CONST \
  -AFARRAM=00h-00h \
  -prdata=COMRAM,nvrram=COMRAM,nvbit=COMRAM,rbss=COMRAM,rbit=COMRAM \
  -pfarbss=FARRAM,fardata=FARRAM,nvFARRAM=FARRAM \
  -pintsave_regs=BIGRAM,bigbss=BIGRAM,bigdata=BIGRAM -pbss=RAM \
  -pidata=CODE,irdata=CODE,ibigdata=CODE,ifardata=CODE -prparam=COMRAM \
  C:\Users\termo\AppData\Local\Temp\xcAs6ro.o \
  dist/default/production\LIF0620V1.6.X.production.o 

Object code version is 3.11

Machine type is 18F25K22



                Name                               Link     Load   Length Selector   Space Scale
C:\Users\termo\AppData\Local\Temp\xcAs6ro.o
                idloc                            200000   200000        8        0       5
                config                           300000   300000        E        0       4
                init                                57C      57C        4        C       0
                reset_vec                             0        0        4        0       0
dist/default/production\LIF0620V1.6.X.production.o
                intcodelo                            18       18      564        C       0
                intcode                               8        8        6        4       0
                idloc                            200000   200000        8        0       5
                config                           300000   300000        E        0       4
                temp                                 57       57        1        1       1
                intcode_body                       4638     4638       A0        C       0
                text30                             1B60     1B60      6E0        C       0
                text29                             2E78     2E78      56A        C       0
                text28                             435C     435C       C4        C       0
                text27                             4588     4588       B0        C       0
                text26                             4282     4282       DA        C       0
                text25                             46D8     46D8       8C        C       0
                text24                             2240     2240      628        C       0
                text23                             3F58     3F58      146        C       0
                text22                             4190     4190       F2        C       0
                text21                             409E     409E       F2        C       0
                text20                             4902     4902       26        C       0
                text19                             44D4     44D4       B4        C       0
                text18                             48DC     48DC       26        C       0
                text17                             4420     4420       B4        C       0
                text16                             48B6     48B6       26        C       0
                text15                             4890     4890       26        C       0
                text14                             496A     496A       16        C       0
                text13                             4954     4954       16        C       0
                text12                             47AE     47AE       4A        C       0
                text11                             493E     493E       16        C       0
                text10                             4928     4928       16        C       0
                text9                              4764     4764       4A        C       0
                text8                              3812     3812      358        C       0
                text7                               580      580      B9A        C       0
                text6                              3B6A     3B6A      20E        C       0
                text5                              4836     4836       34        C       0
                text4                              111A     111A      A46        C       0
                text3                              486A     486A       26        C       0
                text2                              33E2     33E2      430        C       0
                text1                              3D78     3D78      1E0        C       0
                text0                              2868     2868      610        C       0
                cstackCOMRAM                         41       41       16        1       1
                cstackBANK0                          E3       E3        4       60       1
                dataBANK0                            E7       E7        2       60       1
                bssBANK0                             60       60       83       60       1
                bssCOMRAM                             1        1       40        1       1
                cinit                              47F8     47F8       3E        C       0
                idataBANK0                         4980     4980        2        C       0

TOTAL           Name                               Link     Load   Length     Space
        CLASS   CODE           
                intcodelo                            18       18      564         0
                intcode                               8        8        6         0
                init                                57C      57C        4         0
                reset_vec                             0        0        4         0
                intcode_body                       4638     4638       A0         0
                text30                             1B60     1B60      6E0         0
                text29                             2E78     2E78      56A         0
                text28                             435C     435C       C4         0
                text27                             4588     4588       B0         0
                text26                             4282     4282       DA         0
                text25                             46D8     46D8       8C         0
                text24                             2240     2240      628         0
                text23                             3F58     3F58      146         0
                text22                             4190     4190       F2         0
                text21                             409E     409E       F2         0
                text20                             4902     4902       26         0
                text19                             44D4     44D4       B4         0
                text18                             48DC     48DC       26         0
                text17                             4420     4420       B4         0
                text16                             48B6     48B6       26         0
                text15                             4890     4890       26         0
                text14                             496A     496A       16         0
                text13                             4954     4954       16         0
                text12                             47AE     47AE       4A         0
                text11                             493E     493E       16         0
                text10                             4928     4928       16         0
                text9                              4764     4764       4A         0
                text8                              3812     3812      358         0
                text7                               580      580      B9A         0
                text6                              3B6A     3B6A      20E         0
                text5                              4836     4836       34         0
                text4                              111A     111A      A46         0
                text3                              486A     486A       26         0
                text2                              33E2     33E2      430         0
                text1                              3D78     3D78      1E0         0
                text0                              2868     2868      610         0
                cinit                              47F8     47F8       3E         0
                idataBANK0                         4980     4980        2         0

        CLASS   CONST          

        CLASS   SMALLCONST     

        CLASS   MEDIUMCONST    

        CLASS   COMRAM         
                temp                                 57       57        1         1
                cstackCOMRAM                         41       41       16         1
                bssCOMRAM                             1        1       40         1

        CLASS   ABS1           

        CLASS   BIGRAM         

        CLASS   RAM            

        CLASS   BANK0          
                cstackBANK0                          E3       E3        4         1
                dataBANK0                            E7       E7        2         1
                bssBANK0                             60       60       83         1

        CLASS   BANK1          

        CLASS   BANK2          

        CLASS   BANK3          

        CLASS   BANK4          

        CLASS   BANK5          

        CLASS   SFR            

        CLASS   BIGSFR         

        CLASS   CONFIG         
                config                           300000   300000        E         4

        CLASS   IDLOC          
                idloc                            200000   200000        8         5

        CLASS   EEDATA         

        CLASS   FARRAM         

        CLASS   HEAP           

        CLASS   STACK          



SEGMENTS        Name                           Load    Length   Top    Selector   Space  Class

                reset_vec                      000000  000004  000004         0       0  CODE    
                bssCOMRAM                      000001  000057  000058         1       1  COMRAM  
                intcode                        000008  000006  00000E         4       0  CODE    
                intcodelo                      000018  00496A  004982         C       0  CODE    
                bssBANK0                       000060  000089  0000E9        60       1  BANK0   


UNUSED ADDRESS RANGES

        Name                Unused          Largest block    Delta
        BANK0            0000E9-0000FF               17
        BANK1            000100-0001FF              100
        BANK2            000200-0002FF              100
        BANK3            000300-0003FF              100
        BANK4            000400-0004FF              100
        BANK5            000500-0005FF              100
        BIGRAM           000058-00005F                8
                         0000E9-0005FF              517
        BIGSFR           000F38-000FFF               C8
        CODE             000004-000007                4
                         00000E-000017                A
                         004982-007FFF             367E
        COMRAM           000058-00005F                8
        CONST            000004-000007                4
                         00000E-000017                A
                         004982-007FFF             367E
        EEDATA           F00000-F000FF              100
        MEDIUMCONST      004982-007FFF             367E
        RAM              0000E9-0005FF              100
        SFR              000F38-000FFF               28
        SMALLCONST       004982-007FFF              100

                                  Symbol Table

?___awdiv                cstackCOMRAM 000049
?___awmod                cstackCOMRAM 000049
?___wmul                 cstackCOMRAM 000049
_ANSELA                  (abs)        000F38
_ANSELB                  (abs)        000F39
_ANSELC                  (abs)        000F3A
_CTRauto                 bssCOMRAM    00003E
_EEADR                   (abs)        000FA9
_EECON1bits              (abs)        000FA6
_EECON2                  (abs)        000FA7
_EEDATA                  (abs)        000FA8
_INTCON2bits             (abs)        000FF1
_INTCONbits              (abs)        000FF2
_IPR1bits                (abs)        000F9F
_ManAuto                 bssBANK0     0000BA
_OFFSet                  bssCOMRAM    000027
_PIE1bits                (abs)        000F9D
_PIR1bits                (abs)        000F9E
_PORTA                   (abs)        000F80
_PORTAbits               (abs)        000F80
_PORTB                   (abs)        000F81
_PORTBbits               (abs)        000F81
_PORTC                   (abs)        000F82
_RCONbits                (abs)        000FD0
_SPFxAlt                 bssCOMRAM    000038
_SPFxBaj                 bssCOMRAM    00003A
_SPFxSen                 bssCOMRAM    00003C
_T0CONbits               (abs)        000FD5
_T1CONbits               (abs)        000FCD
_TMR0H                   (abs)        000FD7
_TMR0L                   (abs)        000FD6
_TMR1H                   (abs)        000FCF
_TMR1L                   (abs)        000FCE
_TRISA                   (abs)        000F92
_TRISAbits               (abs)        000F92
_TRISB                   (abs)        000F93
_TRISC                   (abs)        000F94
_WDTCONbits              (abs)        000FD1
__HRAM                   (abs)        000000
__Habs1                  abs1         000000
__Hbank0                 bank0        000000
__Hbank1                 bank1        000000
__Hbank2                 bank2        000000
__Hbank3                 bank3        000000
__Hbank4                 bank4        000000
__Hbank5                 bank5        000000
__Hbigbss                bigbss       000000
__Hbigdata               bigdata      000000
__Hbigram                bigram       000000
__Hbigsfr                bigsfr       000000
__Hbss                   bss          000000
__HbssBANK0              bssBANK0     000000
__HbssCOMRAM             bssCOMRAM    000000
__Hcinit                 cinit        000000
__Hclrtext               clrtext      000000
__Hcomram                comram       000000
__Hconfig                config       30000E
__Hconst                 const        000000
__HcstackBANK0           cstackBANK0  000000
__HcstackCOMRAM          cstackCOMRAM 000000
__Hdata                  data         000000
__HdataBANK0             dataBANK0    000000
__Heeprom_data           eeprom_data  000000
__Hfarbss                farbss       000000
__Hfardata               fardata      000000
__Hheap                  heap         000000
__Hibigdata              ibigdata     000000
__Hidata                 idata        000000
__HidataBANK0            idataBANK0   000000
__Hidloc                 idloc        200008
__Hifardata              ifardata     000000
__Hinit                  init         000580
__Hintcode               intcode      00000E
__Hintcode_body          intcode_body 000000
__Hintcodelo             intcodelo    00057C
__Hintentry              intentry     000000
__Hintret                intret       000000
__Hintsave_regs          intsave_regs 000000
__Hirdata                irdata       000000
__Hmediumconst           mediumconst  000000
__HnvFARRAM              nvFARRAM     000000
__Hnvbit                 nvbit        000000
__Hnvrram                nvrram       000000
__Hparam                 rparam       000000
__Hpowerup               powerup      00057C
__Hram                   ram          000000
__Hramtop                ramtop       000600
__Hrbit                  rbit         000000
__Hrbss                  rbss         000000
__Hrdata                 rdata        000000
__Hreset_vec             reset_vec    000004
__Hrparam                rparam       000000
__Hsfr                   sfr          000000
__Hsmallconst            smallconst   000000
__Hspace_0               (abs)        004982
__Hspace_1               (abs)        0000E9
__Hspace_2               (abs)        000000
__Hspace_4               (abs)        60000E
__Hstack                 stack        000000
__Hstruct                struct       000000
__Htemp                  temp         000058
__Htext                  text         000000
__Htext0                 text0        000000
__Htext1                 text1        000000
__Htext10                text10       000000
__Htext11                text11       000000
__Htext12                text12       000000
__Htext13                text13       000000
__Htext14                text14       000000
__Htext15                text15       000000
__Htext16                text16       000000
__Htext17                text17       000000
__Htext18                text18       000000
__Htext19                text19       000000
__Htext2                 text2        000000
__Htext20                text20       000000
__Htext21                text21       000000
__Htext22                text22       000000
__Htext23                text23       000000
__Htext24                text24       000000
__Htext25                text25       000000
__Htext26                text26       000000
__Htext27                text27       000000
__Htext28                text28       000000
__Htext29                text29       000000
__Htext3                 text3        000000
__Htext30                text30       000000
__Htext4                 text4        000000
__Htext5                 text5        000000
__Htext6                 text6        000000
__Htext7                 text7        000000
__Htext8                 text8        000000
__Htext9                 text9        000000
__LRAM                   (abs)        000001
__Labs1                  abs1         000000
__Lbank0                 bank0        000000
__Lbank1                 bank1        000000
__Lbank2                 bank2        000000
__Lbank3                 bank3        000000
__Lbank4                 bank4        000000
__Lbank5                 bank5        000000
__Lbigbss                bigbss       000000
__Lbigdata               bigdata      000000
__Lbigram                bigram       000000
__Lbigsfr                bigsfr       000000
__Lbss                   bss          000000
__LbssBANK0              bssBANK0     000000
__LbssCOMRAM             bssCOMRAM    000000
__Lcinit                 cinit        000000
__Lclrtext               clrtext      000000
__Lcomram                comram       000000
__Lconfig                config       000000
__Lconst                 const        000000
__LcstackBANK0           cstackBANK0  000000
__LcstackCOMRAM          cstackCOMRAM 000000
__Ldata                  data         000000
__LdataBANK0             dataBANK0    000000
__Leeprom_data           eeprom_data  000000
__Lfarbss                farbss       000000
__Lfardata               fardata      000000
__Lheap                  heap         000000
__Libigdata              ibigdata     000000
__Lidata                 idata        000000
__LidataBANK0            idataBANK0   000000
__Lidloc                 idloc        000000
__Lifardata              ifardata     000000
__Linit                  init         00057C
__Lintcode               intcode      000008
__Lintcode_body          intcode_body 000000
__Lintcodelo             intcodelo    000018
__Lintentry              intentry     000000
__Lintret                intret       000000
__Lintsave_regs          intsave_regs 000000
__Lirdata                irdata       000000
__Lmediumconst           mediumconst  000000
__LnvFARRAM              nvFARRAM     000000
__Lnvbit                 nvbit        000000
__Lnvrram                nvrram       000000
__Lparam                 rparam       000000
__Lpowerup               powerup      00057C
__Lram                   ram          000000
__Lramtop                ramtop       000600
__Lrbit                  rbit         000000
__Lrbss                  rbss         000000
__Lrdata                 rdata        000000
__Lreset_vec             reset_vec    000000
__Lrparam                rparam       000000
__Lsfr                   sfr          000000
__Lsmallconst            smallconst   000000
__Lspace_0               (abs)        000000
__Lspace_1               (abs)        000000
__Lspace_2               (abs)        000000
__Lspace_4               (abs)        000000
__Lstack                 stack        000000
__Lstruct                struct       000000
__Ltemp                  temp         000057
__Ltext                  text         000000
__Ltext0                 text0        000000
__Ltext1                 text1        000000
__Ltext10                text10       000000
__Ltext11                text11       000000
__Ltext12                text12       000000
__Ltext13                text13       000000
__Ltext14                text14       000000
__Ltext15                text15       000000
__Ltext16                text16       000000
__Ltext17                text17       000000
__Ltext18                text18       000000
__Ltext19                text19       000000
__Ltext2                 text2        000000
__Ltext20                text20       000000
__Ltext21                text21       000000
__Ltext22                text22       000000
__Ltext23                text23       000000
__Ltext24                text24       000000
__Ltext25                text25       000000
__Ltext26                text26       000000
__Ltext27                text27       000000
__Ltext28                text28       000000
__Ltext29                text29       000000
__Ltext3                 text3        000000
__Ltext30                text30       000000
__Ltext4                 text4        000000
__Ltext5                 text5        000000
__Ltext6                 text6        000000
__Ltext7                 text7        000000
__Ltext8                 text8        000000
__Ltext9                 text9        000000
__S0                     (abs)        004982
__S1                     (abs)        0000E9
__S4                     (abs)        000000
__S5                     (abs)        000000
___awdiv                 text28       00435C
___awdiv@counter         cstackCOMRAM 00004D
___awdiv@dividend        cstackCOMRAM 000049
___awdiv@divisor         cstackCOMRAM 00004B
___awdiv@quotient        cstackCOMRAM 00004F
___awdiv@sign            cstackCOMRAM 00004E
___awmod                 text27       004588
___awmod@counter         cstackCOMRAM 00004D
___awmod@dividend        cstackCOMRAM 000049
___awmod@divisor         cstackCOMRAM 00004B
___awmod@sign            cstackCOMRAM 00004E
___heap_hi               (abs)        000000
___heap_lo               (abs)        000000
___inthi_sp              stack        000000
___intlo_sp              stack        000000
___param_bank            (abs)        000000
___rparam_used           (abs)        000001
___sp                    stack        000000
___wmul                  text3        00486A
___wmul@multiplicand     cstackCOMRAM 00004B
___wmul@multiplier       cstackCOMRAM 000049
___wmul@product          cstackCOMRAM 00004D
__accesstop              (abs)        000060
__activetblptr           (abs)        000002
__end_of___awdiv         text28       004420
__end_of___awmod         text27       004638
__end_of___wmul          text3        004890
__end_of__initialization cinit        004828
__end_of_alarma          text30       002240
__end_of_calibracion     text7        00111A
__end_of_conv            text23       00409E
__end_of_conv7Seg        text26       00435C
__end_of_convBCD         text25       004764
__end_of_conversionTemp  text29       0033E2
__end_of_crc81           text22       004282
__end_of_crc82           text21       004190
__end_of_display         text24       002868
__end_of_ds1820          text8        003B6A
__end_of_inicializacion  text6        003D78
__end_of_main            text0        002E78
__end_of_menu            text4        001B60
__end_of_myIsr           intcode_body 0046D8
__end_of_myLoIsr         intcodelo    00057C
__end_of_readBit1        text20       004928
__end_of_readBit2        text18       004902
__end_of_readByte1       text19       004588
__end_of_readByte2       text17       0044D4
__end_of_reset1          text16       0048DC
__end_of_reset2          text15       0048B6
__end_of_salidaPotencia  text2        003812
__end_of_teclado         text1        003F58
__end_of_wrCero1         text14       004980
__end_of_wrCero2         text11       004954
__end_of_wrEprom         text5        00486A
__end_of_wrUno1          text13       00496A
__end_of_wrUno2          text10       00493E
__end_of_writeByte1      text12       0047F8
__end_of_writeByte2      text9        0047AE
__initialization         cinit        0047F8
__mediumconst            mediumconst  000000
__pbssBANK0              bssBANK0     000060
__pbssCOMRAM             bssCOMRAM    000001
__pcinit                 cinit        0047F8
__pcstackBANK0           cstackBANK0  0000E3
__pcstackCOMRAM          cstackCOMRAM 000041
__pdataBANK0             dataBANK0    0000E7
__pidataBANK0            idataBANK0   004980
__pintcode               intcode      000008
__pintcode_body          intcode_body 004638
__pintcodelo             intcodelo    000018
__ptext0                 text0        002868
__ptext1                 text1        003D78
__ptext10                text10       004928
__ptext11                text11       00493E
__ptext12                text12       0047AE
__ptext13                text13       004954
__ptext14                text14       00496A
__ptext15                text15       004890
__ptext16                text16       0048B6
__ptext17                text17       004420
__ptext18                text18       0048DC
__ptext19                text19       0044D4
__ptext2                 text2        0033E2
__ptext20                text20       004902
__ptext21                text21       00409E
__ptext22                text22       004190
__ptext23                text23       003F58
__ptext24                text24       002240
__ptext25                text25       0046D8
__ptext26                text26       004282
__ptext27                text27       004588
__ptext28                text28       00435C
__ptext29                text29       002E78
__ptext3                 text3        00486A
__ptext30                text30       001B60
__ptext4                 text4        00111A
__ptext5                 text5        004836
__ptext6                 text6        003B6A
__ptext7                 text7        000580
__ptext8                 text8        003812
__ptext9                 text9        004764
__ramtop                 ramtop       000600
__smallconst             smallconst   000000
_alarmLect1              bssCOMRAM    000024
_alarmLect2              bssCOMRAM    000023
_alarma                  text30       001B60
_alarma1                 bssCOMRAM    00001D
_alarma2                 bssCOMRAM    00001E
_alarmaFxAlt             bssCOMRAM    000039
_alarmaFxBaj             bssCOMRAM    00003B
_alarmaFxSen             bssCOMRAM    00003D
_alarmaLamp1             bssCOMRAM    000018
_alarmaLamp2             bssCOMRAM    000017
_alarmaLampAux           bssCOMRAM    000016
_alarmaLectura           bssBANK0     0000CE
_alarmaSen1AUX           bssBANK0     000090
_alarmaSen2AUX           bssBANK0     00008E
_alarmaSenAUX            bssBANK0     000096
_alarmaSensor1           bssBANK0     0000BE
_alarmaSensor2           bssBANK0     0000BD
_aux1                    bssCOMRAM    00001A
_aux10                   bssBANK0     0000B7
_aux11                   bssCOMRAM    000015
_aux2                    bssCOMRAM    000019
_aux20                   bssBANK0     0000B6
_aux21                   bssCOMRAM    000014
_auxDisp                 bssBANK0     0000C1
_auxPass                 bssCOMRAM    00001F
_auxRSTsensor            bssBANK0     0000B5
_auxSetenFalla           bssBANK0     0000D2
_auxfallatemp1           bssBANK0     0000B4
_auxfallatemp2           bssBANK0     0000B3
_auxoffSet               bssBANK0     0000CC
_bcd                     bssBANK0     0000D6
_byte1                   bssBANK0     0000A5
_byte2                   bssBANK0     0000A2
_byte_carry1             bssBANK0     0000A4
_byte_carry2             bssBANK0     0000A1
_calibracion             text7        000580
_conv                    text23       003F58
_conv7Seg                text26       004282
_convBCD                 text25       0046D8
_convTemp1               bssBANK0     0000C8
_convTemp2               bssBANK0     0000C6
_conversion1             bssBANK0     000094
_conversion2             bssBANK0     000092
_conversionTemp          text29       002E78
_crc1                    bssBANK0     0000A8
_crc2                    bssBANK0     0000A7
_crc81                   text22       004190
_crc82                   text21       00409E
_crc_carry1              bssBANK0     0000A3
_crc_carry2              bssBANK0     0000A0
_deciSP                  bssCOMRAM    000028
_deciTemp1               bssBANK0     0000C9
_deciTemp2               bssBANK0     0000C7
_decimalOffSet           bssBANK0     0000D3
_denominador             bssBANK0     000098
_dig                     bssCOMRAM    000001
_dig0                    bssBANK0     0000D9
_dig1                    bssBANK0     0000D8
_digito                  bssBANK0     0000D7
_display                 text24       002240
_down                    bssBANK0     0000E1
_ds1820                  text8        003812
_enteSP                  bssBANK0     0000D5
_enter                   bssBANK0     00009C
_estable                 bssBANK0     0000BF
_flagLED                 bssBANK0     0000BB
_i                       bssCOMRAM    000020
_ii                      bssBANK0     0000C0
_inicializacion          text6        003B6A
_j                       bssCOMRAM    000011
_k                       bssCOMRAM    000010
_l                       bssCOMRAM    000025
_lect00scrat             bssBANK0     0000B2
_lectRom1                bssBANK0     000082
_lectRom2                bssBANK0     00007A
_lectScrat1              bssBANK0     000069
_lectScrat2              bssBANK0     000060
_lectffscrat             bssBANK0     0000B1
_lectura1                bssCOMRAM    00001C
_lectura2                bssCOMRAM    00001B
_main                    text0        002868
_menu                    text4        00111A
_myIsr                   intcode      000008
_myLoIsr                 intcodelo    000018
_n                       bssCOMRAM    00000F
_nsen                    bssBANK0     0000CB
_offSet                  bssCOMRAM    00002F
_offSet1                 bssCOMRAM    000021
_offSet2                 bssCOMRAM    000022
_operacion               bssBANK0     0000CA
_parametros              bssBANK0     000072
_pass                    bssCOMRAM    00002D
_pass0                   bssCOMRAM    00002C
_pass1                   bssCOMRAM    00002B
_pass2                   bssCOMRAM    00002A
_pilotoAlarma            bssBANK0     0000DB
_pilotoAlarmaAUX         bssBANK0     0000BC
_pilotoSensor            bssBANK0     0000DC
_pilotoSensorAUX         bssBANK0     0000B9
_poli                    bssBANK0     0000A6
_potSal                  bssBANK0     0000CD
_presencia1              bssCOMRAM    000013
_presencia2              bssCOMRAM    000012
_q                       bssCOMRAM    000026
_r                       bssBANK0     0000D1
_rdBit1                  bssBANK0     0000AF
_rdBit2                  bssBANK0     0000AC
_rdByte1                 bssBANK0     0000AD
_rdByte2                 bssBANK0     0000AA
_readBit1                text20       004902
_readBit2                text18       0048DC
_readByte1               text19       0044D4
_readByte2               text17       004420
_reset1                  text16       0048B6
_reset2                  text15       004890
_resetWatch              bssBANK0     00009E
_salPotencia             bssCOMRAM    00000B
_salPotenciaAnterior     bssCOMRAM    000031
_salPotenciaAux          bssBANK0     00009A
_salPotenciaAux0         bssBANK0     0000E0
_salPotenciaAux1         bssBANK0     0000DF
_salidaPotencia          text2        0033E2
_selMenu                 bssCOMRAM    000030
_sens                    bssBANK0     0000A9
_setDefault              bssCOMRAM    00002E
_setPoint                bssCOMRAM    000040
_setPointAUX             bssCOMRAM    000034
_setPotMan               bssCOMRAM    000033
_t                       bssCOMRAM    00000D
_tecla                   bssCOMRAM    00003F
_teclaAUX                bssBANK0     0000B8
_teclado                 text1        003D78
_tempAnterior            bssBANK0     0000D0
_tempAux                 bssBANK0     0000B0
_tempDeci1               bssBANK0     0000C3
_tempDeci2               bssBANK0     0000C2
_tempDecimal             bssCOMRAM    000036
_tempDisplay             bssCOMRAM    000037
_tempDisplay1            bssBANK0     0000D4
_tempMuestra             bssCOMRAM    000032
_tempNeg                 bssCOMRAM    000035
_tempNeg1                bssBANK0     0000C5
_tempNeg2                bssBANK0     0000C4
_tempProm                bssBANK0     0000CF
_tempSpPv                bssBANK0     0000DE
_tiempoAlarma            bssBANK0     00008A
_u                       bssCOMRAM    00000E
_up                      bssBANK0     0000E2
_valMem                  bssBANK0     0000DA
_w                       bssBANK0     0000DD
_wrByte1                 bssBANK0     0000AE
_wrByte2                 bssBANK0     0000AB
_wrCero1                 text14       00496A
_wrCero2                 text11       00493E
_wrEprom                 text5        004836
_wrUno1                  text13       004954
_wrUno2                  text10       004928
_writeByte1              text12       0047AE
_writeByte2              text9        004764
_y                       bssCOMRAM    000029
_z                       dataBANK0    0000E7
btemp                    temp         000057
conv7Seg@dig             cstackCOMRAM 00004B
conv@dig                 cstackCOMRAM 00004B
convBCD@bcd              cstackCOMRAM 000054
convBCD@dign             cstackCOMRAM 000051
convBCD@dignn            cstackCOMRAM 000052
convBCD@puntoDec         cstackCOMRAM 000053
crc81@m                  cstackCOMRAM 000049
crc81@scratRom           cstackCOMRAM 00004A
crc82@m                  cstackCOMRAM 000049
crc82@scratRom           cstackCOMRAM 00004A
ds1820@nsen              cstackCOMRAM 00004D
ds1820@operacion         cstackCOMRAM 000050
end_of_initialization    cinit        004828
int$flags                temp         000057
int_func                 intcode_body 004638
intlevel0                text         000000
intlevel1                text         000000
intlevel2                text         000000
intlevel3                text         000000
isa$std                  (abs)        000001
isa$xinst                (abs)        000000
myLoIsr@a                cstackCOMRAM 000048
readByte1@m              cstackCOMRAM 000049
readByte1@scratRom       cstackCOMRAM 00004C
readByte2@m              cstackCOMRAM 000049
readByte2@scratRom       cstackCOMRAM 00004C
stackhi                  (abs)        000000
stacklo                  (abs)        000000
start                    init         00057C
start_initialization     cinit        0047F8
ttemp5                   temp         000058
ttemp6                   temp         00005B
ttemp7                   temp         00005F
wrEprom@dato             cstackCOMRAM 000049
wrEprom@dir              cstackCOMRAM 00004A
writeByte1@comando       cstackCOMRAM 000049
writeByte2@comando       cstackCOMRAM 000049
wtemp8                   temp         000058


MODULE INFORMATION

Module		Function		Class		Link	Load	Size
conversionTemp.c
		_conversionTemp		CODE           	2E78	0000	1386

conversionTemp.c estimated size: 1386

C:\Program Files\Microchip\xc8\v2.40\pic\sources\c99\common\awdiv.c
		___awdiv       		CODE           	435C	0000	196

C:\Program Files\Microchip\xc8\v2.40\pic\sources\c99\common\awdiv.c estimated size: 196

C:\Program Files\Microchip\xc8\v2.40\pic\sources\c99\common\Umul16.c
		___wmul        		CODE           	486A	0000	38

C:\Program Files\Microchip\xc8\v2.40\pic\sources\c99\common\Umul16.c estimated size: 38

teclado.c
		_teclado       		CODE           	3D78	0000	480

teclado.c estimated size: 480

ds1820.c
		_readByte1     		CODE           	44D4	0000	180
		_readByte2     		CODE           	4420	0000	180
		_crc81         		CODE           	4190	0000	242
		_wrUno2        		CODE           	4928	0000	22
		_reset2        		CODE           	4890	0000	38
		_crc82         		CODE           	409E	0000	242
		_readBit1      		CODE           	4902	0000	38
		_readBit2      		CODE           	48DC	0000	38
		_wrCero2       		CODE           	493E	0000	22
		_writeByte1    		CODE           	47AE	0000	74
		_writeByte2    		CODE           	4764	0000	74
		_ds1820        		CODE           	3812	0000	856
		_wrUno1        		CODE           	4954	0000	22
		_wrCero1       		CODE           	496A	0000	22
		_reset1        		CODE           	48B6	0000	38

ds1820.c estimated size: 2088

salidaPotencia.c
		_salidaPotencia		CODE           	33E2	0000	1072

salidaPotencia.c estimated size: 1072

shared
		__initialization		CODE           	47F8	0000	48

shared estimated size: 48

C:\Program Files\Microchip\xc8\v2.40\pic\sources\c99\common\awmod.c
		___awmod       		CODE           	4588	0000	176

C:\Program Files\Microchip\xc8\v2.40\pic\sources\c99\common\awmod.c estimated size: 176

display.c
		_display       		CODE           	2240	0000	1576
		_convBCD       		CODE           	46D8	0000	140
		_conv7Seg      		CODE           	4282	0000	218

display.c estimated size: 1934

menu.c
		_wrEprom       		CODE           	4836	0000	52
		_menu          		CODE           	111A	0000	2630

menu.c estimated size: 2682

alarma.c
		_alarma        		CODE           	1B60	0000	1760

alarma.c estimated size: 1760

main.c
		_myLoIsr       		CODE           	0018	0000	1380
		_main          		CODE           	2868	0000	1552
		_myIsr         		CODE           	0008	0000	166

main.c estimated size: 3098

calibracion.c
		_conv          		CODE           	3F58	0000	326
		_calibracion   		CODE           	0580	0000	2970

calibracion.c estimated size: 3296

inicializacion.c
		_inicializacion		CODE           	3B6A	0000	526

inicializacion.c estimated size: 526

